[unifytheme.com/html/ollo-c/index.html]
[backblue.gif]
[fade.gif]
[index.html]
[unifytheme.com/html/ollo-c/images/fav-icon/favicon-56x56.png]
[unifytheme.com/html/ollo-c/css/style.css]
[unifytheme.com/html/ollo-c/css/responsive.css]
[unifytheme.com/html/ollo-c/index-2.html]
[unifytheme.com/html/ollo-c/images/logo/logo5.png]
[unifytheme.com/html/ollo-c/images/logo/logo6.png]
[unifytheme.com/html/ollo-c/index-3.html]
[unifytheme.com/html/ollo-c/about-us.html]
[unifytheme.com/html/ollo-c/recent-cause-list.html]
[unifytheme.com/html/ollo-c/recent-cause-grid.html]
[unifytheme.com/html/ollo-c/cause-details.html]
[unifytheme.com/html/ollo-c/event-single.html]
[unifytheme.com/html/ollo-c/event-details.html]
[unifytheme.com/html/ollo-c/team.html]
[unifytheme.com/html/ollo-c/donate.html]
[unifytheme.com/html/ollo-c/faq.html]
[unifytheme.com/html/ollo-c/404.html]
[unifytheme.com/html/ollo-c/gallery-grid.html]
[unifytheme.com/html/ollo-c/gallery-full-width.html]
[unifytheme.com/html/ollo-c/shop.html]
[unifytheme.com/html/ollo-c/shop-details.html]
[unifytheme.com/html/ollo-c/blog-v1.html]
[unifytheme.com/html/ollo-c/blog-v2.html]
[unifytheme.com/html/ollo-c/blog-details.html]
[unifytheme.com/html/ollo-c/contact.html]
[unifytheme.com/html/ollo-c/images/home/slide-8.jpg]
[unifytheme.com/html/ollo-c/images/home/slide-9.jpg]
[unifytheme.com/html/ollo-c/images/home/slide-10.jpg]
[unifytheme.com/html/ollo-c/images/icon/18.png]
[unifytheme.com/html/ollo-c/images/icon/19.png]
[unifytheme.com/html/ollo-c/images/icon/20.png]
[unifytheme.com/html/ollo-c/images/home/10.jpg]
[unifytheme.com/html/ollo-c/images/cause/1.jpg]
[unifytheme.com/html/ollo-c/images/cause/2.jpg]
[unifytheme.com/html/ollo-c/images/cause/3.jpg]
[unifytheme.com/html/ollo-c/images/home/11.jpg]
[unifytheme.com/html/ollo-c/images/home/12.jpg]
[unifytheme.com/html/ollo-c/images/home/13.jpg]
[unifytheme.com/html/ollo-c/images/home/14.jpg]
[unifytheme.com/html/ollo-c/images/home/15.jpg]
[unifytheme.com/html/ollo-c/images/blog/54.jpg]
[unifytheme.com/html/ollo-c/images/blog/55.jpg]
[unifytheme.com/html/ollo-c/images/logo/p13.jpg]
[unifytheme.com/html/ollo-c/images/logo/p14.jpg]
[unifytheme.com/html/ollo-c/images/logo/p15.jpg]
[unifytheme.com/html/ollo-c/images/logo/p16.jpg]
[unifytheme.com/html/ollo-c/vendor/bootstrap/bootstrap.min.js]
[unifytheme.com/html/ollo-c/vendor/jquery.2.2.3.min.js]
[unifytheme.com/html/ollo-c/vendor/revolution/jquery.themepunch.revolution.min.js]
[unifytheme.com/html/ollo-c/vendor/revolution/jquery.themepunch.tools.min.js]
[unifytheme.com/html/ollo-c/vendor/revolution/revolution.extension.slideanims.min.js]
[unifytheme.com/html/ollo-c/vendor/revolution/revolution.extension.layeranimation.min.js]
[unifytheme.com/html/ollo-c/vendor/revolution/revolution.extension.navigation.min.js]
[unifytheme.com/html/ollo-c/vendor/revolution/revolution.extension.kenburn.min.js]
[unifytheme.com/html/ollo-c/vendor/menu/src/js/jquery.slimmenu.js]
[unifytheme.com/html/ollo-c/vendor/jquery.easing.1.3.js]
[unifytheme.com/html/ollo-c/vendor/fancy-box/jquery.fancybox.pack.js]
[unifytheme.com/html/ollo-c/vendor/bootstrap-select/dist/js/bootstrap-select.js]
[unifytheme.com/html/ollo-c/vendor/WOW-master/dist/wow.min.js]
[unifytheme.com/html/ollo-c/vendor/jquery.appear.js]
[unifytheme.com/html/ollo-c/vendor/jquery.countTo.js]
[unifytheme.com/html/ollo-c/vendor/owl-carousel/owl.carousel.min.js]
[unifytheme.com/html/ollo-c/index.html]
[unifytheme.com/html/ollo-c/vendor/circle-progress.js]
[unifytheme.com/html/ollo-c/js/theme.js]
[unifytheme.com/html/ollo-c/vendor/bootstrap/bootstrap.css]
[unifytheme.com/html/ollo-c/vendor/bootstrap-select/dist/css/bootstrap-select.css]
[unifytheme.com/html/ollo-c/vendor/revolution/settings.css]
[unifytheme.com/html/ollo-c/vendor/revolution/layers.css]
[unifytheme.com/html/ollo-c/vendor/revolution/navigation.css]
[unifytheme.com/html/ollo-c/vendor/fancy-box/jquery.fancybox.css]
[unifytheme.com/html/ollo-c/vendor/menu/dist/css/slimmenu.css]
[unifytheme.com/html/ollo-c/fonts/font-awesome/css/font-awesome.min.css]
[unifytheme.com/html/ollo-c/vendor/owl-carousel/owl.carousel.css]
[unifytheme.com/html/ollo-c/vendor/owl-carousel/owl.theme.css]
[unifytheme.com/html/ollo-c/vendor/WOW-master/css/libs/animate.css]
[unifytheme.com/html/ollo-c/fonts/icon/font/flaticon.css]
[unifytheme.com/html/ollo-c/vendor/skills-master/source/habilidades.css]
[unifytheme.com/html/ollo-c/vendor/jquery-ui/jquery-ui.min.css]
[unifytheme.com/html/ollo-c/images/1.gif]
[unifytheme.com/html/ollo-c/fonts/font-awesome/fonts/fontawesome-webfont.ttf]
[unifytheme.com/html/ollo-c/fonts/font-awesome/fonts/fontawesome-webfont.eot]
[unifytheme.com/html/ollo-c/fonts/font-awesome/fonts/fontawesome-webfont.woff]
[unifytheme.com/html/ollo-c/fonts/font-awesome/fonts/fontawesome-webfont.woff2]
[unifytheme.com/html/ollo-c/images/home/pattern.png]
[unifytheme.com/html/ollo-c/images/icon/21.png]
[unifytheme.com/html/ollo-c/images/home/16.jpg]
[unifytheme.com/html/ollo-c/images/home/17.jpg]
[unifytheme.com/html/ollo-c/images/home/18.jpg]
[unifytheme.com/html/ollo-c/images/inner-page/banner-4.jpg]
[unifytheme.com/html/ollo-c/css/style.css]
[unifytheme.com/html/ollo-c/css/responsive.css]
[unifytheme.com/html/ollo-c/index-2.html]
[unifytheme.com/html/ollo-c/images/icon/22.png]
[unifytheme.com/html/ollo-c/images/icon/23.png]
[unifytheme.com/html/ollo-c/images/icon/24.png]
[unifytheme.com/html/ollo-c/images/team/12.jpg]
[unifytheme.com/html/ollo-c/images/team/13.jpg]
[unifytheme.com/html/ollo-c/images/team/14.jpg]
[unifytheme.com/html/ollo-c/images/team/15.jpg]
[unifytheme.com/html/ollo-c/index-3.html]
[unifytheme.com/html/ollo-c/images/home/3.jpg]
[unifytheme.com/html/ollo-c/images/home/sign.jpg]
[unifytheme.com/html/ollo-c/images/inner-page/5.jpg]
[unifytheme.com/html/ollo-c/images/inner-page/6.jpg]
[unifytheme.com/html/ollo-c/images/inner-page/7.jpg]
[unifytheme.com/html/ollo-c/about-us.html]
[unifytheme.com/html/ollo-c/images/cause/7.jpg]
[unifytheme.com/html/ollo-c/images/cause/8.jpg]
[unifytheme.com/html/ollo-c/images/cause/9.jpg]
[unifytheme.com/html/ollo-c/images/cause/10.jpg]
[unifytheme.com/html/ollo-c/images/cause/11.jpg]
[unifytheme.com/html/ollo-c/vendor/skills-master/jquery.skills.js]
[unifytheme.com/html/ollo-c/recent-cause-list.html]
[unifytheme.com/html/ollo-c/images/cause/4.jpg]
[unifytheme.com/html/ollo-c/images/cause/5.jpg]
[unifytheme.com/html/ollo-c/images/cause/6.jpg]
[unifytheme.com/html/ollo-c/recent-cause-grid.html]
[unifytheme.com/html/ollo-c/images/cause/12.jpg]
[unifytheme.com/html/ollo-c/images/cause/13.jpg]
[unifytheme.com/html/ollo-c/images/cause/14.jpg]
[unifytheme.com/html/ollo-c/images/cause/15.jpg]
[unifytheme.com/html/ollo-c/images/cause/16.jpg]
[unifytheme.com/html/ollo-c/cause-details.html]
[unifytheme.com/html/ollo-c/images/blog/56.jpg]
[unifytheme.com/html/ollo-c/images/blog/57.jpg]
[unifytheme.com/html/ollo-c/images/blog/58.jpg]
[unifytheme.com/html/ollo-c/event-single.html]
[unifytheme.com/html/ollo-c/images/blog/59.jpg]
[unifytheme.com/html/ollo-c/event-details.html]
[unifytheme.com/html/ollo-c/images/team/16.jpg]
[unifytheme.com/html/ollo-c/images/team/17.jpg]
[unifytheme.com/html/ollo-c/images/team/18.jpg]
[unifytheme.com/html/ollo-c/images/team/19.jpg]
[unifytheme.com/html/ollo-c/team.html]
[unifytheme.com/html/ollo-c/images/inner-page/8.jpg]
[unifytheme.com/html/ollo-c/donate.html]
[unifytheme.com/html/ollo-c/faq.html]
[unifytheme.com/html/ollo-c/404.html]
[unifytheme.com/html/ollo-c/images/project/61.jpg]
[unifytheme.com/html/ollo-c/images/project/62.jpg]
[unifytheme.com/html/ollo-c/images/project/63.jpg]
[unifytheme.com/html/ollo-c/images/project/64.jpg]
[unifytheme.com/html/ollo-c/images/project/65.jpg]
[unifytheme.com/html/ollo-c/images/project/66.jpg]
[unifytheme.com/html/ollo-c/images/project/67.jpg]
[unifytheme.com/html/ollo-c/images/project/68.jpg]
[unifytheme.com/html/ollo-c/gallery-grid.html]
[unifytheme.com/html/ollo-c/images/project/53.jpg]
[unifytheme.com/html/ollo-c/vendor/jquery.mixitup.min.js]
[unifytheme.com/html/ollo-c/images/project/54.jpg]
[unifytheme.com/html/ollo-c/images/project/55.jpg]
[unifytheme.com/html/ollo-c/images/project/56.jpg]
[unifytheme.com/html/ollo-c/images/project/57.jpg]
[unifytheme.com/html/ollo-c/images/project/58.jpg]
[unifytheme.com/html/ollo-c/images/project/59.jpg]
[unifytheme.com/html/ollo-c/images/project/60.jpg]
[unifytheme.com/html/ollo-c/gallery-full-width.html]
[unifytheme.com/html/ollo-c/images/shop/4.jpg]
[unifytheme.com/html/ollo-c/images/shop/5.jpg]
[unifytheme.com/html/ollo-c/images/shop/6.jpg]
[unifytheme.com/html/ollo-c/images/shop/7.jpg]
[unifytheme.com/html/ollo-c/images/shop/8.jpg]
[unifytheme.com/html/ollo-c/images/shop/9.jpg]
[unifytheme.com/html/ollo-c/images/shop/10.jpg]
[unifytheme.com/html/ollo-c/images/shop/11.jpg]
[unifytheme.com/html/ollo-c/images/shop/12.jpg]
[unifytheme.com/html/ollo-c/images/shop/1.jpg]
[unifytheme.com/html/ollo-c/images/shop/2.jpg]
[unifytheme.com/html/ollo-c/images/shop/3.jpg]
[unifytheme.com/html/ollo-c/shop.html]
[unifytheme.com/html/ollo-c/images/shop/13.jpg]
[unifytheme.com/html/ollo-c/images/shop/14.jpg]
[unifytheme.com/html/ollo-c/images/shop/15.jpg]
[unifytheme.com/html/ollo-c/images/shop/16.jpg]
[unifytheme.com/html/ollo-c/shop-details.html]
[unifytheme.com/html/ollo-c/images/blog/60.jpg]
[unifytheme.com/html/ollo-c/images/blog/61.jpg]
[unifytheme.com/html/ollo-c/vendor/jquery-ui/jquery-ui.min.js]
[unifytheme.com/html/ollo-c/images/blog/62.jpg]
[unifytheme.com/html/ollo-c/images/blog/63.jpg]
[unifytheme.com/html/ollo-c/blog-v1.html]
[unifytheme.com/html/ollo-c/blog-v2.html]
[unifytheme.com/html/ollo-c/images/blog/64.jpg]
[unifytheme.com/html/ollo-c/images/blog/15.jpg]
[unifytheme.com/html/ollo-c/images/blog/16.jpg]
[unifytheme.com/html/ollo-c/images/blog/17.jpg]
[unifytheme.com/html/ollo-c/blog-details.html]
[unifytheme.com/html/ollo-c/vendor/contact-form/validate.js]
[unifytheme.com/html/ollo-c/vendor/gmaps.min.js]
[unifytheme.com/html/ollo-c/contact.html]
[unifytheme.com/html/ollo-c/js/map-script.js]
[unifytheme.com/html/ollo-c/vendor/fonts/glyphicons-halflings-regular.eot]
[unifytheme.com/html/ollo-c/vendor/contact-form/jquery.form.js]
[unifytheme.com/html/ollo-c/vendor/fonts/glyphicons-halflings-regulard41d.eot]
[unifytheme.com/html/ollo-c/vendor/fonts/glyphicons-halflings-regular.woff2]
[unifytheme.com/html/ollo-c/vendor/fonts/glyphicons-halflings-regular.woff]
[unifytheme.com/html/ollo-c/vendor/fonts/glyphicons-halflings-regular.ttf]
[unifytheme.com/html/ollo-c/vendor/fonts/glyphicons-halflings-regular.svg]
[unifytheme.com/html/ollo-c/vendor/bootstrap/bootstrap.css]
[unifytheme.com/html/ollo-c/vendor/bootstrap-select/dist/css/bootstrap-select.css]
[unifytheme.com/html/ollo-c/fonts/revicons/revicons90c6.eot]
[unifytheme.com/html/ollo-c/fonts/revicons/revicons90c6.woff]
[unifytheme.com/html/ollo-c/fonts/revicons/revicons90c6.ttf]
[unifytheme.com/html/ollo-c/vendor/revolution/openhand.cur]
[unifytheme.com/html/ollo-c/vendor/revolution/closedhand.cur]
[unifytheme.com/html/ollo-c/vendor/assets/gridtile.png]
[unifytheme.com/html/ollo-c/vendor/assets/gridtile_white.png]
[unifytheme.com/html/ollo-c/vendor/assets/gridtile_3x3.png]
[unifytheme.com/html/ollo-c/vendor/assets/gridtile_3x3_white.png]
[unifytheme.com/html/ollo-c/vendor/assets/coloredbg.png]
[unifytheme.com/html/ollo-c/vendor/assets/loader.gif]
[unifytheme.com/html/ollo-c/vendor/revolution/settings.css]
[unifytheme.com/html/ollo-c/vendor/revolution/layers.css]
[unifytheme.com/html/ollo-c/vendor/revolution/navigation.css]
[unifytheme.com/html/ollo-c/vendor/fancy-box/fancybox_sprite.png]
[unifytheme.com/html/ollo-c/vendor/fancy-box/fancybox_loading.gif]
[unifytheme.com/html/ollo-c/vendor/fancy-box/blank.gif]
[unifytheme.com/html/ollo-c/vendor/fancy-box/fancybox_overlay.png]
[unifytheme.com/html/ollo-c/vendor/fancy-box/fancybox_sprite@2x.png]
[unifytheme.com/html/ollo-c/vendor/fancy-box/fancybox_loading@2x.gif]
[unifytheme.com/html/ollo-c/vendor/fancy-box/jquery.fancybox.css]
[unifytheme.com/html/ollo-c/vendor/menu/dist/css/slimmenu.css]
[unifytheme.com/html/ollo-c/fonts/font-awesome/fonts/fontawesome-webfont3e6e.eot]
[unifytheme.com/html/ollo-c/fonts/font-awesome/fonts/fontawesome-webfontd41d.eot]
[unifytheme.com/html/ollo-c/fonts/font-awesome/fonts/fontawesome-webfont3e6e.woff]
[unifytheme.com/html/ollo-c/fonts/font-awesome/fonts/fontawesome-webfont3e6e.woff2]
[unifytheme.com/html/ollo-c/fonts/font-awesome/fonts/fontawesome-webfont3e6e.ttf]
[unifytheme.com/html/ollo-c/fonts/font-awesome/css/font-awesome.min.css]
[unifytheme.com/html/ollo-c/vendor/owl-carousel/owl.video.play.png]
[unifytheme.com/html/ollo-c/vendor/owl-carousel/owl.carousel.css]
[unifytheme.com/html/ollo-c/vendor/owl-carousel/owl.theme.css]
[unifytheme.com/html/ollo-c/vendor/WOW-master/css/libs/animate.css]
[unifytheme.com/html/ollo-c/fonts/icon/font/Flaticon.eot]
[unifytheme.com/html/ollo-c/fonts/icon/font/Flaticond41d.eot]
[unifytheme.com/html/ollo-c/fonts/icon/font/Flaticon.woff]
[unifytheme.com/html/ollo-c/fonts/icon/font/Flaticon.ttf]
[unifytheme.com/html/ollo-c/fonts/icon/font/flaticon.css]
[unifytheme.com/html/ollo-c/vendor/skills-master/source/habilidades.css]
[unifytheme.com/html/ollo-c/vendor/jquery-ui/images/ui-icons_444444_256x240.png]
[unifytheme.com/html/ollo-c/vendor/jquery-ui/images/ui-icons_777777_256x240.png]
[unifytheme.com/html/ollo-c/vendor/jquery-ui/images/ui-icons_555555_256x240.png]
[unifytheme.com/html/ollo-c/vendor/jquery-ui/images/ui-icons_ffffff_256x240.png]
[unifytheme.com/html/ollo-c/vendor/jquery-ui/images/ui-icons_777620_256x240.png]
[unifytheme.com/html/ollo-c/vendor/jquery-ui/images/ui-icons_cc0000_256x240.png]
[unifytheme.com/html/ollo-c/vendor/jquery-ui/jquery-ui.min.css]
[unifytheme.com/html/ollo-c/fonts/font-awesome/fonts/fontawesome-webfont.svg]
[unifytheme.com/html/ollo-c/vendor/fonts/glyphicons-halflings-regular.html]
[unifytheme.com/html/ollo-c/vendor/fonts/glyphicons-halflings-regulard41d.html]
[unifytheme.com/html/ollo-c/vendor/fonts/glyphicons-halflings-regular-2.html]
[unifytheme.com/html/ollo-c/vendor/fonts/glyphicons-halflings-regular-3.html]
[unifytheme.com/html/ollo-c/vendor/fonts/glyphicons-halflings-regular-4.html]
[unifytheme.com/html/ollo-c/vendor/fonts/glyphicons-halflings-regular-5.html]
[unifytheme.com/html/ollo-c/fonts/revicons/revicons90c6.svg]
[unifytheme.com/html/ollo-c/vendor/revolution/openhand.html]
[unifytheme.com/html/ollo-c/vendor/revolution/closedhand.html]
[unifytheme.com/html/ollo-c/vendor/assets/gridtile.html]
[unifytheme.com/html/ollo-c/vendor/assets/gridtile_white.html]
[unifytheme.com/html/ollo-c/vendor/assets/gridtile_3x3.html]
[unifytheme.com/html/ollo-c/vendor/assets/gridtile_3x3_white.html]
[unifytheme.com/html/ollo-c/vendor/assets/coloredbg.html]
[unifytheme.com/html/ollo-c/vendor/assets/loader.html]
[unifytheme.com/html/ollo-c/vendor/fancy-box/blank.html]
[unifytheme.com/html/ollo-c/vendor/fancy-box/fancybox_sprite@2x.html]
[unifytheme.com/html/ollo-c/vendor/fancy-box/fancybox_loading@2x.html]
[unifytheme.com/html/ollo-c/fonts/font-awesome/fonts/fontawesome-webfont3e6e.svg]
[unifytheme.com/html/ollo-c/vendor/owl-carousel/owl.video.play.html]
[unifytheme.com/html/ollo-c/fonts/icon/font/Flaticon.svg]
